// Jest Snapshot v1, https://goo.gl/fbAQLP

exports[`App should mount the App component 1`] = `ShallowWrapper {}`;
